[2026-08-11 17:42:11,077] [INFO] predecessor 04_gripper_flags STATUS=PASS
[2026-08-11 17:42:11,077] [INFO] GATE PASS: module file exists: roh_gesture_fsm.py (measured='roh_gesture_fsm.py' threshold=None)
[2026-08-11 17:42:11,077] [INFO] GATE PASS: module file exists: roh_vr_controller_node.py (measured='roh_vr_controller_node.py' threshold=None)
[2026-08-11 17:42:11,077] [INFO] GATE PASS: module file exists: launch/start_vr_controller.sh (measured='launch/start_vr_controller.sh' threshold=None)
[2026-08-11 17:42:11,119] [INFO] GATE PASS: both hands carry enabled vr: blocks (measured=[True, True] threshold=None)
[2026-08-11 17:42:11,119] [INFO] GATE PASS: vr config ports partner indices (0=trigger, 3=cycle, 4=A, 5=B) (measured=(0, 3, 5, 4) threshold=None)
[2026-08-11 17:42:11,119] [INFO] GATE PASS: vr control rate 20 Hz (partner value) (measured=20.0 threshold=None)
[2026-08-11 17:42:11,119] [INFO] GATE PASS: trigger=0 -> ready pose in radians (measured=[0.0, 0.0] threshold=[0.0, 0.0])
[2026-08-11 17:42:11,119] [INFO] GATE PASS: trigger=1 -> grasp pose in radians (measured=[1.0986495765621425, 1.6] threshold=[1.0986495765621425, 1.6])
[2026-08-11 17:42:11,120] [INFO] GATE PASS: trigger=0.5 -> midpoint interpolation (measured=[0.5493247882810712, 0.8] threshold=[0.5493247882810712, 0.7999877927824827])
[2026-08-11 17:42:11,120] [INFO] GATE PASS: trigger below deadzone -> ready pose (measured=0.0 threshold=None)
[2026-08-11 17:42:11,120] [INFO] GATE PASS: click rising edge -> mode two + ready pose (measured=('two', 'mode -> two (left)') threshold=None)
[2026-08-11 17:42:11,120] [INFO] GATE PASS: held click does not re-cycle (measured='two' threshold=None)
[2026-08-11 17:42:11,120] [INFO] GATE PASS: second click -> point mode holds point pose (measured=('point', 'mode -> point (left)') threshold=None)
[2026-08-11 17:42:11,120] [INFO] GATE PASS: point mode ignores trigger (no command) (measured=None threshold=None)
[2026-08-11 17:42:11,120] [INFO] GATE PASS: right B rising -> open command + latch set (measured=([0.0, 0.0, 0.0, 0.0, 0.0, 0.0], True) threshold=None)
[2026-08-11 17:42:11,120] [INFO] GATE PASS: latched hand ignores trigger (measured=(None, True) threshold=None)
[2026-08-11 17:42:11,120] [INFO] GATE PASS: right A rising -> latch cleared (measured=(False, 'open latch cleared') threshold=None)
[2026-08-11 17:42:11,120] [INFO] GATE PASS: trigger control resumes after clear (measured=True threshold=None)
[2026-08-11 17:42:11,120] [INFO] GATE PASS: absent buttons -> trigger 0 (ready pose, hand opens) (measured=0.0 threshold=None)
[2026-08-11 17:42:11,120] [INFO] GATE PASS: all gesture outputs within radian sanity bound (measured=1.6 threshold='<= 2π')
[2026-08-11 17:42:11,122] [INFO] GATE PASS: roh_vr_controller_node.py parses (measured='ast.parse OK' threshold=None)
[2026-08-11 17:42:11,122] [INFO] STEP 05_vr_controller PASS (0.04s)
