[2026-08-11 17:42:10,895] [INFO] predecessor 02_vendor_sdk STATUS=PASS
[2026-08-11 17:42:10,895] [INFO] GATE PASS: module file exists: roh_units.py (measured='/home/zyc_airspeed/WS/uniform-robot-data-collection-3in1/airspeed/src/robot_interface/openarm/roh-hand-ros2-adaptor/roh_units.py' threshold=None)
[2026-08-11 17:42:10,895] [INFO] GATE PASS: module file exists: roh_hand_driver.py (measured='/home/zyc_airspeed/WS/uniform-robot-data-collection-3in1/airspeed/src/robot_interface/openarm/roh-hand-ros2-adaptor/roh_hand_driver.py' threshold=None)
[2026-08-11 17:42:10,895] [INFO] GATE PASS: module file exists: roh_config.py (measured='/home/zyc_airspeed/WS/uniform-robot-data-collection-3in1/airspeed/src/robot_interface/openarm/roh-hand-ros2-adaptor/roh_config.py' threshold=None)
[2026-08-11 17:42:10,895] [INFO] GATE PASS: module file exists: roh_hand_node.py (measured='/home/zyc_airspeed/WS/uniform-robot-data-collection-3in1/airspeed/src/robot_interface/openarm/roh-hand-ros2-adaptor/roh_hand_node.py' threshold=None)
[2026-08-11 17:42:10,895] [INFO] GATE PASS: module file exists: config/roh_hand.yaml (measured='/home/zyc_airspeed/WS/uniform-robot-data-collection-3in1/airspeed/src/robot_interface/openarm/roh-hand-ros2-adaptor/config/roh_hand.yaml' threshold=None)
[2026-08-11 17:42:10,895] [INFO] GATE PASS: module file exists: launch/start.sh (measured='/home/zyc_airspeed/WS/uniform-robot-data-collection-3in1/airspeed/src/robot_interface/openarm/roh-hand-ros2-adaptor/launch/start.sh' threshold=None)
[2026-08-11 17:42:10,895] [INFO] GATE PASS: module file exists: README.md (measured='/home/zyc_airspeed/WS/uniform-robot-data-collection-3in1/airspeed/src/robot_interface/openarm/roh-hand-ros2-adaptor/README.md' threshold=None)
[2026-08-11 17:42:10,896] [INFO] GATE PASS: counts 0 -> 0 rad (measured=0.0 threshold=None)
[2026-08-11 17:42:10,896] [INFO] GATE PASS: counts 65535 -> closed_rad (measured=1.6 threshold=1.6)
[2026-08-11 17:42:10,896] [INFO] GATE PASS: rad->counts->rad roundtrip within one count (measured=[0.0, 0.4000061036087587, 0.8000122072175174, 1.6] threshold=None)
[2026-08-11 17:42:10,896] [INFO] GATE PASS: rad_to_counts rejects nan (measured=nan threshold=None)
[2026-08-11 17:42:10,896] [INFO] GATE PASS: rad_to_counts rejects inf (measured=inf threshold=None)
[2026-08-11 17:42:10,896] [INFO] GATE PASS: rad_to_counts rejects 7.0 (measured=7.0 threshold=None)
[2026-08-11 17:42:10,896] [INFO] GATE PASS: validate_command rejects wrong length (measured='5 positions' threshold=None)
[2026-08-11 17:42:10,937] [INFO] GATE PASS: two enabled hands parsed (measured=2 threshold=2)
[2026-08-11 17:42:10,937] [INFO] GATE PASS: CAN channels can2/can3 (measured=('can2', 'can3') threshold=None)
[2026-08-11 17:42:10,937] [INFO] GATE PASS: canonical topics per hand (measured=('/roh/left/joint_state', '/roh/right/joint_state') threshold=None)
[2026-08-11 17:42:10,937] [INFO] GATE PASS: publish rate 30 Hz (D6) (measured=[30.0, 30.0] threshold=30.0)
[2026-08-11 17:42:10,938] [INFO] GATE PASS: closed_rad has 6 entries per hand (measured=[6, 6] threshold=6)
[2026-08-11 17:42:10,938] [INFO] GATE PASS: safety ported (contact 250 mA, stall 200 mA, delta 0.02, monitor 50 ms) (measured=(250, 200, 0.02, 0.05) threshold=None)
[2026-08-11 17:42:10,938] [INFO] GATE PASS: dry-run connect succeeds (measured=True threshold=None)
[2026-08-11 17:42:10,938] [INFO] GATE PASS: send-delta gating (send, skip, send) (measured=(True, False, True) threshold=None)
[2026-08-11 17:42:10,938] [INFO] GATE PASS: contact latch rejects closing, accepts full-open retreat (measured=(False, True, False) threshold=None)
[2026-08-11 17:42:10,938] [INFO] GATE PASS: status dict exposes latch/failure counters (measured=['can_channel', 'closing_or_holding', 'connected', 'consecutive_read_failures', 'contact_latched', 'dry_run', 'last_error', 'last_target_counts', 'latched_fingers', 'side'] threshold=None)
[2026-08-11 17:42:10,938] [INFO] GATE PASS: dry-run close succeeds (measured=False threshold=None)
[2026-08-11 17:42:10,940] [INFO] GATE PASS: roh_hand_node.py parses (measured='ast.parse OK' threshold=None)
[2026-08-11 17:42:10,941] [INFO] GATE PASS: node finger order matches canonical layout (measured=['thumb', 'index', 'middle', 'ring', 'pinky', 'thumb_root'] threshold=['thumb', 'index', 'middle', 'ring', 'pinky', 'thumb_root'])
[2026-08-11 17:42:10,941] [INFO] STEP 03_driver_node PASS (0.05s)
